[backblue.gif]
[fade.gif]
[index.html]
[demo.themeregion.com/geek-wrap/images/ico/favicon.ico]
[demo.themeregion.com/geek-wrap/images/logo.png]
[demo.themeregion.com/geek-wrap/images/exprience/1.png]
[demo.themeregion.com/geek-wrap/images/exprience/2.png]
[demo.themeregion.com/geek-wrap/images/exprience/3.png]
[demo.themeregion.com/geek-wrap/images/exprience/4.png]
[demo.themeregion.com/geek-wrap/images/exprience/5.png]
[demo.themeregion.com/geek-wrap/images/education/1.png]
[demo.themeregion.com/geek-wrap/images/education/2.png]
[demo.themeregion.com/geek-wrap/images/education/3.png]
[demo.themeregion.com/geek-wrap/images/portfolio/1.jpg]
[demo.themeregion.com/geek-wrap/images/portfolio/2.jpg]
[demo.themeregion.com/geek-wrap/images/portfolio/3.jpg]
[demo.themeregion.com/geek-wrap/images/portfolio/4.jpg]
[demo.themeregion.com/geek-wrap/images/portfolio/5.jpg]
[demo.themeregion.com/geek-wrap/images/portfolio/6.jpg]
[demo.themeregion.com/geek-wrap/images/portfolio/7.jpg]
[demo.themeregion.com/geek-wrap/images/portfolio/8.jpg]
[demo.themeregion.com/geek-wrap/images/blog/1.jpg]
[demo.themeregion.com/geek-wrap/images/blog/2.jpg]
[demo.themeregion.com/geek-wrap/images/blog/3.jpg]
[demo.themeregion.com/geek-wrap/images/blog/4.jpg]
[demo.themeregion.com/geek-wrap/images/blog/5.jpg]
[demo.themeregion.com/geek-wrap/images/blog/6.jpg]
[demo.themeregion.com/geek-wrap/images/profile.jpg]
[demo.themeregion.com/geek-wrap/js/jquery.min.js]
[demo.themeregion.com/geek-wrap/js/bootstrap.min.js]
[demo.themeregion.com/geek-wrap/js/waypoints.min.js]
[demo.themeregion.com/geek-wrap/js/counterup.min.js]
[demo.themeregion.com/geek-wrap/js/inview.min.js]
[demo.themeregion.com/geek-wrap/js/easypiechart.js]
[demo.themeregion.com/geek-wrap/js/magnific-popup.min.js]
[demo.themeregion.com/geek-wrap/index-two.html]
[demo.themeregion.com/geek-wrap/js/main.js]
[demo.themeregion.com/geek-wrap/fonts/glyphicons-halflings-regular.eot]
[demo.themeregion.com/geek-wrap/fonts/glyphicons-halflings-regulard41d.eot]
[demo.themeregion.com/geek-wrap/fonts/glyphicons-halflings-regular.woff2]
[demo.themeregion.com/geek-wrap/fonts/glyphicons-halflings-regular.woff]
[demo.themeregion.com/geek-wrap/fonts/glyphicons-halflings-regular.ttf]
[demo.themeregion.com/geek-wrap/css/bootstrap.min.css]
[demo.themeregion.com/geek-wrap/fonts/fontawesome-webfont3e6e.eot]
[demo.themeregion.com/geek-wrap/fonts/fontawesome-webfontd41d.eot]
[demo.themeregion.com/geek-wrap/fonts/fontawesome-webfont3e6e.woff2]
[demo.themeregion.com/geek-wrap/fonts/fontawesome-webfont3e6e.woff]
[demo.themeregion.com/geek-wrap/fonts/fontawesome-webfont3e6e.ttf]
[demo.themeregion.com/geek-wrap/css/font-awesome.min.css]
[demo.themeregion.com/geek-wrap/css/magnific-popup.css]
[demo.themeregion.com/geek-wrap/css/animate.css]
[demo.themeregion.com/geek-wrap/images/bg/banner.jpg]
[demo.themeregion.com/geek-wrap/images/bg/2.png]
[demo.themeregion.com/geek-wrap/css/main.css]
[demo.themeregion.com/geek-wrap/css/responsive.css]
[demo.themeregion.com/geek-wrap/fonts/rookies_showtimes-webfont.woff]
[demo.themeregion.com/geek-wrap/index.html]
[demo.themeregion.com/geek-wrap/blog.html]
[demo.themeregion.com/geek-wrap/fonts/glyphicons-halflings-regular.svg]
[demo.themeregion.com/geek-wrap/fonts/fontawesome-webfont3e6e.svg]
[demo.themeregion.com/geek-wrap/cv.pdf]
[demo.themeregion.com/geek-wrap/fonts/rookies_showtimes-webfont.woff2]
[demo.themeregion.com/geek-wrap/cv.pdf]
